[mcengr.wixstudio.com/mycomputerengr.html]
[static.parastorage.com/unpkg/@formatjs/intl-segmenter@11.7.10/polyfill.iife.js]
[static.parastorage.com/unpkg/core-js-bundle@3.2.1/minified.js]
[static.parastorage.com/unpkg/focus-within-polyfill@5.0.9/dist/focus-within-polyfill.js]
[mcengr.wixstudio.com/D,location.4.delayed]
[mcengr.wixstudio.com/index.html]
[mcengr.wixstudio.com/t.5.delayed]
[mcengr.wixstudio.com/o.6.delayed]
[backblue.gif]
[fade.gif]
[index.html]
[mcengr.wixstudio.com/mycomputerengr/about-me.html]
[mcengr.wixstudio.com/mycomputerengr/services.html]
[mcengr.wixstudio.com/mycomputerengr/portfolio.html]
[mcengr.wixstudio.com/mycomputerengr/contact-me.html]
[mcengr.wixstudio.com/mycomputerengr/blank.html]
[static.wixstatic.com/media/53bf04_ea586ada40944e989f3c168c6e9f1791f000.jpg/v1/fill/w_160,h_90,al_c,q_80,usm_0.66_1.00_0.01,blur_3,/53bf04_ea586ada40944e989f3c168c6e9f1791f000.jpg]
[static.wixstatic.com/media/53bf04_caa481d646d14afc9d608c7aa923d102_mv2.png/v1/fill/w_135,h_90,al_c,q_85,usm_0.66_1.00_0.01,blur_3,/53bf04_caa481d646d14afc9d608c7aa923d102_mv2.png]
[static.wixstatic.com/media/53bf04_adc3e5712a0245c1a727c453c7db8db3_mv2.jpg/v1/fill/w_147,h_185,al_c,q_80,usm_0.66_1.00_0.01,blur_2,enc_avif,quality_auto/IMG-20260319-WA0000.jpg]
[static.wixstatic.com/media/53bf04_a969625c3f624b849278247b90cd0bf9_mv2.jpg/v1/fill/w_97,h_173,al_c,q_80,usm_0.66_1.00_0.01,blur_2,enc_avif,quality_auto/IMG-20260402-WA0015.jpg]
[static.wixstatic.com/media/53bf04_15e1faa68cb2485687053008fad3f380_mv2.jpeg/v1/fill/w_147,h_261,al_c,q_80,usm_0.66_1.00_0.01,blur_2,enc_avif,quality_auto/IMG-20260606-WA0012.jpg]
[static.wixstatic.com/media/53bf04_7e2a98bccb6b451f8e651cf3682cec52_mv2.jpg/v1/fill/w_147,h_111,al_c,q_80,usm_0.66_1.00_0.01,blur_2,enc_avif,quality_auto/2026-04-23-11-35-42-310.jpg]
[static.wixstatic.com/media/53bf04_ddfeafd0ba1742dfbd5f773a0114d6c5_mv2.jpg/v1/fill/w_97,h_173,al_c,q_80,usm_0.66_1.00_0.01,blur_2,enc_avif,quality_auto/IMG-20260606-WA0018.jpg]
[static.wixstatic.com/media/55d98a_3287270d83ef4efabfdd1f52d0dc6ec2_mv2.jpg/v1/fill/w_147,h_98,al_c,q_80,usm_0.66_1.00_0.01,blur_2,/wolfgang-hasselmann-1ICIhK-ElJs-unsplash-edited.jpg]
[static.wixstatic.com/media/11062b_85cbb7fef6604e308ea7b14d081c4e29_mv2.jpg/v1/fill/w_100,h_56,al_c,q_80,usm_0.66_1.00_0.01,blur_3,/11062b_85cbb7fef6604e308ea7b14d081c4e29_mv2.jpg]
[static.wixstatic.com/media/nsplsh_e65247ad90eb466186964270324c3fa4_mv2.jpg]
[static.wixstatic.com/media/nsplsh_733674566c44564b7a3338_mv2_d_3000_4496_s_4_2.jpg]
[static.wixstatic.com/media/0f1702_cc8f7296bac649c3ad0d18df85ef0a22_mv2.jpg]
[static.wixstatic.com/media/nsplsh_7e76a1d5023f477a9e8da859fbf39ee7_mv2.jpg]
[mcengr.wixstudio.com/${s.19.delayed]
[mcengr.wixstudio.com/window.location.1a.delayed]
[browser.sentry-cdn.com/7.120.3/bundle.tracing.es5.min.js]
[mcengr.wixstudio.com/api/index.html]
[browser.sentry-cdn.com/7.120.3/modulemetadata.es5.min.js]
[mcengr.wixstudio.com/envelope/index.html]
[mcengr.wixstudio.com/sitemap.1d.delayed]
[mcengr.wixstudio.com/feed.1e.delayed]
[static.parastorage.com/unpkg/react@18.3.1/umd/react.production.min.js]
[static.parastorage.com/unpkg/react-dom@18.3.1/umd/react-dom.production.min.js]
[static.parastorage.com/unpkg/lodash@4.17.21/lodash.min.js]
[static.parastorage.com/services/wix-thunderbolt/dist/thunderbolt-commons.f4eb6537.bundle.min.js]
[static.parastorage.com/services/wix-thunderbolt/dist/main.2cb9e05e.bundle.min.js]
[static.parastorage.com/services/wix-thunderbolt/dist/main.renderer.99fa8096.bundle.min.js]
[static.parastorage.com/services/wix-thunderbolt/dist/browser-deprecation.bundle.es5.js]
[mcengr.wixstudio.com/e.26.delayed]
[mcengr.wixstudio.com/mycomputerengr.html]
[mcengr.wixstudio.com/index.html]
[mcengr.wixstudio.com/D,location.html]
[mcengr.wixstudio.com/t.html]
[mcengr.wixstudio.com/o.html]
[static.parastorage.com/services/tag-manager-client/1.1066.0/siteTags.bundle.min.js]
[mcengr.wixstudio.com/mycomputerengr/D,location.28.delayed]
[mcengr.wixstudio.com/mycomputerengr/t.29.delayed]
[mcengr.wixstudio.com/mycomputerengr/o.2a.delayed]
[static.wixstatic.com/media/nsplsh_7470de51f35047e38d36ef5d5400ad5b_mv2.jpg/v1/fill/w_100,h_56,al_c,q_80,usm_0.66_1.00_0.01,blur_3,/nsplsh_7470de51f35047e38d36ef5d5400ad5b_mv2.jpg]
[static.wixstatic.com/media/11062b_bcd6bf1267b1478f877210e2fa200397f000.jpg/v1/fill/w_160,h_90,al_c,q_80,usm_0.66_1.00_0.01,blur_3,/11062b_bcd6bf1267b1478f877210e2fa200397f000.jpg]
[static.wixstatic.com/media/11062b_fac51a38acf24ea2aa030216e01a0ea3f001.jpg/v1/fill/w_160,h_90,al_c,q_80,usm_0.66_1.00_0.01,blur_3,/11062b_fac51a38acf24ea2aa030216e01a0ea3f001.jpg]
[static.wixstatic.com/media/11062b_7e6bd15f67a049619d0d4ac2ee459996f000.jpg/v1/fill/w_160,h_90,al_c,q_80,usm_0.66_1.00_0.01,blur_3,/11062b_7e6bd15f67a049619d0d4ac2ee459996f000.jpg]
[static.wixstatic.com/media/11062b_d2b05a3fb9914896aefc471d4ebf1418f000.jpg/v1/fill/w_160,h_90,al_c,q_80,usm_0.66_1.00_0.01,blur_3,/11062b_d2b05a3fb9914896aefc471d4ebf1418f000.jpg]
[static.wixstatic.com/media/53bf04_35cb5077d81148beb7efabd0da3cfec2_mv2.jpg/v1/fill/w_144,h_144,al_c,q_80,usm_0.66_1.00_0.01,blur_2,enc_avif,quality_auto/Adedayo Adetunji.jpg]
[mcengr.wixstudio.com/mycomputerengr/${s.31.delayed]
[mcengr.wixstudio.com/mycomputerengr/window.location.32.delayed]
[mcengr.wixstudio.com/mycomputerengr/robots.33.delayed]
[mcengr.wixstudio.com/mycomputerengr/sitemap.xml]
[mcengr.wixstudio.com/mycomputerengr/feed.35.delayed]
[mcengr.wixstudio.com/mycomputerengr/e.36.delayed]
[mcengr.wixstudio.com/mycomputerengr/about-me.html]
[static.wixstatic.com/media/11062b_fb41b90fe0844d7a960e511fe09be632_mv2.jpeg/v1/fill/w_147,h_98,al_c,q_80,usm_0.66_1.00_0.01,blur_2,enc_avif,quality_auto/Solution Key Button.jpg]
[static.wixstatic.com/media/53bf04_78ac7fbf96dc4d9192e449f40c3497b8_mv2.jpg/v1/fill/w_147,h_98,al_c,q_80,usm_0.66_1.00_0.01,blur_2,enc_avif,quality_auto/macbook.jpg]
[static.wixstatic.com/media/53bf04_71e64b4915e84433abc75644cbe3adac_mv2.jpg/v1/fill/w_147,h_98,al_c,q_80,usm_0.66_1.00_0.01,blur_2,enc_avif,quality_auto/rodion-kutsaiev-0VGG7cqTwCo-unsplash.jpg]
[static.wixstatic.com/media/53bf04_e0a63bded1224704a36e455e4eca655e_mv2.jpg/v1/fill/w_147,h_97,al_c,q_80,usm_0.66_1.00_0.01,blur_2,enc_avif,quality_auto/james-mckinven-JLiGFi2a0i4-unsplash.jpg]
[static.wixstatic.com/media/nsplsh_7b7085e2d50f4a9aa0037d4b38921d2c_mv2.jpg/v1/fill/w_147,h_98,al_c,q_80,usm_0.66_1.00_0.01,blur_2,enc_avif,quality_auto/Image by Luca Bravo.jpg]
[static.wixstatic.com/media/53bf04_64e308876e3540aca1b8720e87eb6fac_mv2.jpg/v1/fill/w_147,h_110,al_c,q_80,usm_0.66_1.00_0.01,blur_2,enc_avif,quality_auto/system back up.jpg]
[mcengr.wixstudio.com/mycomputerengr/services.html]
[mcengr.wixstudio.com/mycomputerengr/media/emptystate.85a4add5.3d.delayed]
[static.wixstatic.com/media/53bf04_eed715f3a716434699a4e931efeee4d7_mv2.jpg/v1/fit/w_960,h_1280,q_90,enc_avif,quality_auto/53bf04_eed715f3a716434699a4e931efeee4d7_mv2.jpg]
[static.wixstatic.com/media/53bf04_27a8cac3b6894b74baf1f9205f6cebd5_mv2.jpg/v1/fit/w_750,h_1000,q_90,enc_avif,quality_auto/53bf04_27a8cac3b6894b74baf1f9205f6cebd5_mv2.jpg]
[static.wixstatic.com/media/53bf04_2ef5b2e32beb4119ba8147d0adffe429_mv2.jpg/v1/fit/w_960,h_1280,q_90,enc_avif,quality_auto/53bf04_2ef5b2e32beb4119ba8147d0adffe429_mv2.jpg]
[static.wixstatic.com/media/53bf04_0b6c65228d7b4bae9be1ac0fb3eb03a8_mv2.jpg/v1/fit/w_720,h_960,q_90,enc_avif,quality_auto/53bf04_0b6c65228d7b4bae9be1ac0fb3eb03a8_mv2.jpg]
[static.wixstatic.com/media/53bf04_7e2a98bccb6b451f8e651cf3682cec52_mv2.jpg/v1/fit/w_960,h_1280,q_90,enc_avif,quality_auto/53bf04_7e2a98bccb6b451f8e651cf3682cec52_mv2.jpg]
[static.wixstatic.com/media/53bf04_adc3e5712a0245c1a727c453c7db8db3_mv2.jpg/v1/fit/w_960,h_1280,q_90,enc_avif,quality_auto/53bf04_adc3e5712a0245c1a727c453c7db8db3_mv2.jpg]
[static.wixstatic.com/media/53bf04_50a1d11e099948f8900d4fa0033a6d19_mv2.jpg/v1/fit/w_752,h_865,q_90,enc_avif,quality_auto/53bf04_50a1d11e099948f8900d4fa0033a6d19_mv2.jpg]
[static.wixstatic.com/media/53bf04_e6fbfc3655514ff191e314fe91d27213_mv2.jpg/v1/fit/w_815,h_1086,q_90,enc_avif,quality_auto/53bf04_e6fbfc3655514ff191e314fe91d27213_mv2.jpg]
[static.wixstatic.com/media/53bf04_a969625c3f624b849278247b90cd0bf9_mv2.jpg/v1/fit/w_540,h_720,q_90,enc_avif,quality_auto/53bf04_a969625c3f624b849278247b90cd0bf9_mv2.jpg]
[static.wixstatic.com/media/53bf04_f10bdde107d24fde99d332238c7b09a2_mv2.jpg/v1/fit/w_960,h_1280,q_90,enc_avif,quality_auto/53bf04_f10bdde107d24fde99d332238c7b09a2_mv2.jpg]
[static.wixstatic.com/media/53bf04_ddfeafd0ba1742dfbd5f773a0114d6c5_mv2.jpg/v1/fit/w_540,h_720,q_90,enc_avif,quality_auto/53bf04_ddfeafd0ba1742dfbd5f773a0114d6c5_mv2.jpg]
[static.wixstatic.com/media/53bf04_15e1faa68cb2485687053008fad3f380_mv2.jpeg/v1/fit/w_960,h_1280,q_90,enc_avif,quality_auto/53bf04_15e1faa68cb2485687053008fad3f380_mv2.jpg]
[static.wixstatic.com/media/53bf04_36dc5716d5a9497aab20e50c7086a772f003.jpg/v1/fit/w_960,h_1280,q_90,enc_avif,quality_auto/53bf04_36dc5716d5a9497aab20e50c7086a772f003.jpg]
[static.wixstatic.com/media/53bf04_f0f842573a734b398416c438e7102be1f003.jpg/v1/fit/w_697,h_929,q_90,enc_avif,quality_auto/53bf04_f0f842573a734b398416c438e7102be1f003.jpg]
[static.wixstatic.com/media/53bf04_2d70d703898d48039f315de17f947518f003.jpg/v1/fit/w_720,h_960,q_90,enc_avif,quality_auto/53bf04_2d70d703898d48039f315de17f947518f003.jpg]
[static.wixstatic.com/media/53bf04_528f96f2df374297a44c57e37872edccf003.jpg/v1/fit/w_720,h_960,q_90,enc_avif,quality_auto/53bf04_528f96f2df374297a44c57e37872edccf003.jpg]
[static.wixstatic.com/media/53bf04_03ebcd38ae514363a0c3101f5ab4ff97f003.jpg/v1/fit/w_697,h_929,q_90,enc_avif,quality_auto/53bf04_03ebcd38ae514363a0c3101f5ab4ff97f003.jpg]
[static.wixstatic.com/media/53bf04_d8b8606a900144c79c0353a272c67b87f003.jpg/v1/fit/w_697,h_929,q_90,enc_avif,quality_auto/53bf04_d8b8606a900144c79c0353a272c67b87f003.jpg]
[static.wixstatic.com/media/53bf04_3c9980c03b0a4438a0b82c4d71fce090f003.jpg/v1/fit/w_960,h_1280,q_90,enc_avif,quality_auto/53bf04_3c9980c03b0a4438a0b82c4d71fce090f003.jpg]
[static.wixstatic.com/media/53bf04_475f001b57e64bd991027ed68a75f996f003.jpg/v1/fit/w_720,h_960,q_90,enc_avif,quality_auto/53bf04_475f001b57e64bd991027ed68a75f996f003.jpg]
[mcengr.wixstudio.com/mycomputerengr/portfolio.html]
[static.parastorage.com/services/pro-gallery-tpa/1.1524.0/WixProGalleryViewerWidget.bundle.min.js]
[static.parastorage.com/services/editor-elements-library/dist/thunderbolt/media/sloppyframe.3214ce8e.png]
[static.parastorage.com/services/form-app/1.2824.0/client-viewer/form-app-header.chunk.min.js]
[static.parastorage.com/services/form-app/1.2824.0/client-viewer/form-app-wix-ricos-viewer.chunk.min.js]
[static.parastorage.com/services/form-app/1.2824.0/client-viewer/form-app-radio-group.chunk.min.js]
[static.parastorage.com/services/form-app/1.2824.0/client-viewer/9907.chunk.min.js]
[static.parastorage.com/services/form-app/1.2824.0/client-viewer/form-app-dropdown.chunk.min.js]
[static.parastorage.com/services/form-app/1.2824.0/client-viewer/form-app-text-area.chunk.min.js]
[mcengr.wixstudio.com/mycomputerengr/contact-me.html]
[mcengr.wixstudio.com/mycomputerengr/blank.html]
[mcengr.wixstudio.com/${s.html]
[mcengr.wixstudio.com/window.location.html]
[mcengr.wixstudio.com/api/index.html]
[mcengr.wixstudio.com/envelope/index.html]
[mcengr.wixstudio.com/sitemap.html]
[mcengr.wixstudio.com/feed.html]
[mcengr.wixstudio.com/e.html]
[mcengr.wixstudio.com/mycomputerengr/D,location.html]
[mcengr.wixstudio.com/mycomputerengr/t.html]
[mcengr.wixstudio.com/mycomputerengr/o.html]
[mcengr.wixstudio.com/mycomputerengr/${s.html]
[mcengr.wixstudio.com/mycomputerengr/window.location.html]
[mcengr.wixstudio.com/mycomputerengr/robots.html]
[mcengr.wixstudio.com/mycomputerengr/feed.html]
[mcengr.wixstudio.com/mycomputerengr/e.html]
[mcengr.wixstudio.com/mycomputerengr/media/emptystate.85a4add5.html]
[static.parastorage.com/services/form-app/1.2824.0/FormViewerWidgetNoCss.bundle.min.js]
